I, [2016-01-04T19:00:42.241659 #6285]  INFO -- : Completed 200 OK in 4ms (Views: 3.4ms | ActiveRecord: 0.0ms)
I, [2016-01-04T19:01:24.723165 #6287]  INFO -- : Started GET "/privacy" for 45.62.216.92 at 2016-01-04 19:01:24 -0500
I, [2016-01-04T19:01:24.725571 #6287]  INFO -- : Processing by ApplicationController#privacy as HTML
I, [2016-01-04T19:01:24.727342 #6287]  INFO -- :   Rendered application/privacy.html.erb within layouts/application (0.1ms)
I, [2016-01-04T19:01:24.729105 #6287]  INFO -- : Completed 200 OK in 3ms (Views: 2.4ms | ActiveRecord: 0.0ms)
I, [2016-01-04T19:01:26.268259 #6290]  INFO -- : Started GET "/auth/facebook" for 45.62.216.92 at 2016-01-04 19:01:26 -0500
I, [2016-01-04T19:01:26.309763 #6290]  INFO -- : (facebook) Request phase initiated.
I, [2016-01-04T19:01:26.597431 #6287]  INFO -- : Started GET "/auth/facebook/callback?code=AQAriWzLiiigiM3pZQ0FvKoXAYsIragmLgT7PSiwOd16lvhhEcNVzy9MpzJb3Zc5PBemWjO3jjqh8KO6kEOkmUhBrRdZUtkm68EEDLgcRzBE9BxOYlIuaLi-mn2YmLHodaTrJ72X80bjhZZWFW04Vz7tCOdr2wSVVomFlPWrp46PvbQhw3iWPcN8A-XOsOcyMl43aAeHvhcUJl4u5gc6jGtAVUulzi4q1e3vPDdduQZxENjyk-ZLbt-9_nToFgoH-FheagLTjbqNfeevQsVqRSsYJsWFsA7K8d6HOEhEtD19tAXLgHeJ2-CIaomxm8uf5Ss&state=c3da7e624493020132fed2a6d9a25cd3d0e7cf5496bdbf5d" for 45.62.216.92 at 2016-01-04 19:01:26 -0500
I, [2016-01-04T19:01:26.598756 #6287]  INFO -- : (facebook) Callback phase initiated.
I, [2016-01-04T19:01:26.991071 #6287]  INFO -- : Processing by SessionsController#create as HTML
I, [2016-01-04T19:01:26.991220 #6287]  INFO -- :   Parameters: {"code"=>"AQAriWzLiiigiM3pZQ0FvKoXAYsIragmLgT7PSiwOd16lvhhEcNVzy9MpzJb3Zc5PBemWjO3jjqh8KO6kEOkmUhBrRdZUtkm68EEDLgcRzBE9BxOYlIuaLi-mn2YmLHodaTrJ72X80bjhZZWFW04Vz7tCOdr2wSVVomFlPWrp46PvbQhw3iWPcN8A-XOsOcyMl43aAeHvhcUJl4u5gc6jGtAVUulzi4q1e3vPDdduQZxENjyk-ZLbt-9_nToFgoH-FheagLTjbqNfeevQsVqRSsYJsWFsA7K8d6HOEhEtD19tAXLgHeJ2-CIaomxm8uf5Ss", "state"=>"c3da7e624493020132fed2a6d9a25cd3d0e7cf5496bdbf5d", "provider"=>"facebook"}
D, [2016-01-04T19:01:26.998606 #6287] DEBUG -- :   [1m[36mUser Load (0.4ms)[0m  [1mSELECT  "users".* FROM "users" WHERE "users"."provider" = $1 AND "users"."uid" = $2  ORDER BY "users"."id" ASC LIMIT 1[0m  [["provider", "facebook"], ["uid", "10207266894043818"]]
I, [2016-01-04T19:01:27.001613 #6287]  INFO -- : Redirected to http://muriqui.xyz/
I, [2016-01-04T19:01:27.001880 #6287]  INFO -- : Completed 302 Found in 8ms (ActiveRecord: 0.4ms)
I, [2016-01-04T19:01:27.013453 #6290]  INFO -- : Started GET "/" for 45.62.216.92 at 2016-01-04 19:01:27 -0500
I, [2016-01-04T19:01:27.032930 #6290]  INFO -- : Processing by CoursesController#index as HTML
D, [2016-01-04T19:01:27.057302 #6290] DEBUG -- :   [1m[36mUser Load (0.7ms)[0m  [1mSELECT  "users".* FROM "users" WHERE "users"."id" = $1 LIMIT 1[0m  [["id", 1]]
I, [2016-01-04T19:01:27.107876 #6290]  INFO -- :   Rendered courses/_course_form.html.erb (5.8ms)
D, [2016-01-04T19:01:27.112388 #6290] DEBUG -- :   [1m[35mCourse Load (1.5ms)[0m  SELECT "courses".* FROM "courses"
I, [2016-01-04T19:01:27.113832 #6290]  INFO -- :   Rendered courses/_course_list.html.erb (4.6ms)
I, [2016-01-04T19:01:27.113942 #6290]  INFO -- :   Rendered courses/index.html.erb within layouts/application (16.8ms)
I, [2016-01-04T19:01:27.118625 #6290]  INFO -- : Completed 200 OK in 85ms (Views: 22.7ms | ActiveRecord: 13.6ms)
I, [2016-01-04T19:01:32.192501 #6287]  INFO -- : Started GET "/privacy" for 45.62.216.92 at 2016-01-04 19:01:32 -0500
I, [2016-01-04T19:01:32.194696 #6287]  INFO -- : Processing by ApplicationController#privacy as HTML
I, [2016-01-04T19:01:32.196460 #6287]  INFO -- :   Rendered application/privacy.html.erb within layouts/application (0.1ms)
D, [2016-01-04T19:01:32.198553 #6287] DEBUG -- :   [1m[35mUser Load (0.5ms)[0m  SELECT  "users".* FROM "users" WHERE "users"."id" = $1 LIMIT 1  [["id", 1]]
I, [2016-01-04T19:01:32.199700 #6287]  INFO -- : Completed 200 OK in 5ms (Views: 3.4ms | ActiveRecord: 0.5ms)
I, [2016-01-04T19:01:48.925611 #6290]  INFO -- : Started GET "/privacy" for 69.171.230.122 at 2016-01-04 19:01:48 -0500
I, [2016-01-04T19:01:48.932181 #6290]  INFO -- : Processing by ApplicationController#privacy as */*
I, [2016-01-04T19:01:48.939156 #6290]  INFO -- :   Rendered application/privacy.html.erb within layouts/application (1.0ms)
I, [2016-01-04T19:01:48.941090 #6290]  INFO -- : Completed 200 OK in 9ms (Views: 8.2ms | ActiveRecord: 0.0ms)
I, [2016-01-04T19:01:51.002080 #6285]  INFO -- : Started GET "/privacy" for 66.220.155.251 at 2016-01-04 19:01:51 -0500
I, [2016-01-04T19:01:51.005092 #6285]  INFO -- : Processing by ApplicationController#privacy as */*
I, [2016-01-04T19:01:51.013005 #6285]  INFO -- :   Rendered application/privacy.html.erb within layouts/application (0.9ms)
I, [2016-01-04T19:01:51.014416 #6285]  INFO -- : Completed 200 OK in 9ms (Views: 8.6ms | ActiveRecord: 0.0ms)
I, [2016-01-04T19:01:51.218959 #6290]  INFO -- : Started GET "/assets/application-07fd9bbd9934e8adea62f554e98ff07e9ceadb5792d34f8c7995fc2268aa3b19.js" for 66.220.155.245 at 2016-01-04 19:01:51 -0500
I, [2016-01-04T19:04:03.708929 #6287]  INFO -- : Started GET "/" for 45.62.216.92 at 2016-01-04 19:04:03 -0500
I, [2016-01-04T19:04:03.710965 #6287]  INFO -- : Processing by CoursesController#index as HTML
D, [2016-01-04T19:04:03.713740 #6287] DEBUG -- :   [1m[36mUser Load (0.5ms)[0m  [1mSELECT  "users".* FROM "users" WHERE "users"."id" = $1 LIMIT 1[0m  [["id", 1]]
I, [2016-01-04T19:04:03.728290 #6287]  INFO -- :   Rendered courses/_course_form.html.erb (2.4ms)
D, [2016-01-04T19:04:03.730975 #6287] DEBUG -- :   [1m[35mCourse Load (0.6ms)[0m  SELECT "courses".* FROM "courses"
I, [2016-01-04T19:04:03.732027 #6287]  INFO -- :   Rendered courses/_course_list.html.erb (3.1ms)
I, [2016-01-04T19:04:03.732146 #6287]  INFO -- :   Rendered courses/index.html.erb within layouts/application (7.2ms)
I, [2016-01-04T19:04:03.733143 #6287]  INFO -- : Completed 200 OK in 22ms (Views: 7.9ms | ActiveRecord: 2.2ms)
I, [2016-01-04T19:20:01.901861 #6293]  INFO -- : Started HEAD "/" for 81.213.206.174 at 2016-01-04 19:20:01 -0500
I, [2016-01-04T19:20:01.950969 #6293]  INFO -- : Processing by CoursesController#index as HTML
I, [2016-01-04T19:20:01.968658 #6293]  INFO -- :   Rendered courses/index.html.erb within layouts/application (1.5ms)
I, [2016-01-04T19:20:01.972416 #6293]  INFO -- : Completed 200 OK in 21ms (Views: 8.3ms | ActiveRecord: 0.0ms)
I, [2016-01-04T19:20:02.321080 #6290]  INFO -- : Started HEAD "/wp/" for 81.213.206.174 at 2016-01-04 19:20:02 -0500
F, [2016-01-04T19:20:02.324727 #6290] FATAL -- : 
ActionController::RoutingError (No route matches [HEAD] "/wp"):
  actionpack (4.2.2) lib/action_dispatch/middleware/debug_exceptions.rb:21:in `call'
  actionpack (4.2.2) lib/action_dispatch/middleware/show_exceptions.rb:30:in `call'
  railties (4.2.2) lib/rails/rack/logger.rb:38:in `call_app'
  railties (4.2.2) lib/rails/rack/logger.rb:20:in `block in call'
  activesupport (4.2.2) lib/active_support/tagged_logging.rb:68:in `block in tagged'
  activesupport (4.2.2) lib/active_support/tagged_logging.rb:26:in `tagged'
  activesupport (4.2.2) lib/active_support/tagged_logging.rb:68:in `tagged'
  railties (4.2.2) lib/rails/rack/logger.rb:20:in `call'
  actionpack (4.2.2) lib/action_dispatch/middleware/request_id.rb:21:in `call'
  rack (1.6.4) lib/rack/methodoverride.rb:22:in `call'
  rack (1.6.4) lib/rack/runtime.rb:18:in `call'
  activesupport (4.2.2) lib/active_support/cache/strategy/local_cache_middleware.rb:28:in `call'
  rack (1.6.4) lib/rack/sendfile.rb:113:in `call'
  railties (4.2.2) lib/rails/engine.rb:518:in `call'
  railties (4.2.2) lib/rails/application.rb:164:in `call'
  unicorn (5.0.1) lib/unicorn/http_server.rb:562:in `process_client'
  unicorn (5.0.1) lib/unicorn/http_server.rb:658:in `worker_loop'
  unicorn (5.0.1) lib/unicorn/http_server.rb:508:in `spawn_missing_workers'
  unicorn (5.0.1) lib/unicorn/http_server.rb:132:in `start'
  unicorn (5.0.1) bin/unicorn:126:in `<top (required)>'
  /usr/local/rvm/gems/ruby-2.2.1/bin/unicorn:23:in `load'
  /usr/local/rvm/gems/ruby-2.2.1/bin/unicorn:23:in `<main>'
  /usr/local/rvm/gems/ruby-2.2.1@global/bin/ruby_executable_hooks:15:in `eval'
  /usr/local/rvm/gems/ruby-2.2.1@global/bin/ruby_executable_hooks:15:in `<main>'


I, [2016-01-04T19:20:02.731480 #6285]  INFO -- : Started HEAD "/wordpress/" for 81.213.206.174 at 2016-01-04 19:20:02 -0500
F, [2016-01-04T19:20:02.733591 #6285] FATAL -- : 
ActionController::RoutingError (No route matches [HEAD] "/wordpress"):
  actionpack (4.2.2) lib/action_dispatch/middleware/debug_exceptions.rb:21:in `call'
  actionpack (4.2.2) lib/action_dispatch/middleware/show_exceptions.rb:30:in `call'
  railties (4.2.2) lib/rails/rack/logger.rb:38:in `call_app'
  railties (4.2.2) lib/rails/rack/logger.rb:20:in `block in call'
  activesupport (4.2.2) lib/active_support/tagged_logging.rb:68:in `block in tagged'
  activesupport (4.2.2) lib/active_support/tagged_logging.rb:26:in `tagged'
  activesupport (4.2.2) lib/active_support/tagged_logging.rb:68:in `tagged'
  railties (4.2.2) lib/rails/rack/logger.rb:20:in `call'
  actionpack (4.2.2) lib/action_dispatch/middleware/request_id.rb:21:in `call'
  rack (1.6.4) lib/rack/methodoverride.rb:22:in `call'
  rack (1.6.4) lib/rack/runtime.rb:18:in `call'
  activesupport (4.2.2) lib/active_support/cache/strategy/local_cache_middleware.rb:28:in `call'
  rack (1.6.4) lib/rack/sendfile.rb:113:in `call'
  railties (4.2.2) lib/rails/engine.rb:518:in `call'
  railties (4.2.2) lib/rails/application.rb:164:in `call'
  unicorn (5.0.1) lib/unicorn/http_server.rb:562:in `process_client'
  unicorn (5.0.1) lib/unicorn/http_server.rb:658:in `worker_loop'
  unicorn (5.0.1) lib/unicorn/http_server.rb:508:in `spawn_missing_workers'
  unicorn (5.0.1) lib/unicorn/http_server.rb:132:in `start'
  unicorn (5.0.1) bin/unicorn:126:in `<top (required)>'
  /usr/local/rvm/gems/ruby-2.2.1/bin/unicorn:23:in `load'
  /usr/local/rvm/gems/ruby-2.2.1/bin/unicorn:23:in `<main>'
  /usr/local/rvm/gems/ruby-2.2.1@global/bin/ruby_executable_hooks:15:in `eval'
  /usr/local/rvm/gems/ruby-2.2.1@global/bin/ruby_executable_hooks:15:in `<main>'


I, [2016-01-04T19:20:03.050446 #6287]  INFO -- : Started HEAD "/blog/" for 81.213.206.174 at 2016-01-04 19:20:03 -0500
F, [2016-01-04T19:20:03.053963 #6287] FATAL -- : 
ActionController::RoutingError (No route matches [HEAD] "/blog"):
  actionpack (4.2.2) lib/action_dispatch/middleware/debug_exceptions.rb:21:in `call'
  actionpack (4.2.2) lib/action_dispatch/middleware/show_exceptions.rb:30:in `call'
  railties (4.2.2) lib/rails/rack/logger.rb:38:in `call_app'
  railties (4.2.2) lib/rails/rack/logger.rb:20:in `block in call'
  activesupport (4.2.2) lib/active_support/tagged_logging.rb:68:in `block in tagged'
  activesupport (4.2.2) lib/active_support/tagged_logging.rb:26:in `tagged'
  activesupport (4.2.2) lib/active_support/tagged_logging.rb:68:in `tagged'
  railties (4.2.2) lib/rails/rack/logger.rb:20:in `call'
  actionpack (4.2.2) lib/action_dispatch/middleware/request_id.rb:21:in `call'
  rack (1.6.4) lib/rack/methodoverride.rb:22:in `call'
  rack (1.6.4) lib/rack/runtime.rb:18:in `call'
  activesupport (4.2.2) lib/active_support/cache/strategy/local_cache_middleware.rb:28:in `call'
  rack (1.6.4) lib/rack/sendfile.rb:113:in `call'
  railties (4.2.2) lib/rails/engine.rb:518:in `call'
  railties (4.2.2) lib/rails/application.rb:164:in `call'
  unicorn (5.0.1) lib/unicorn/http_server.rb:562:in `process_client'
  unicorn (5.0.1) lib/unicorn/http_server.rb:658:in `worker_loop'
  unicorn (5.0.1) lib/unicorn/http_server.rb:508:in `spawn_missing_workers'
  unicorn (5.0.1) lib/unicorn/http_server.rb:132:in `start'
  unicorn (5.0.1) bin/unicorn:126:in `<top (required)>'
  /usr/local/rvm/gems/ruby-2.2.1/bin/unicorn:23:in `load'
  /usr/local/rvm/gems/ruby-2.2.1/bin/unicorn:23:in `<main>'
  /usr/local/rvm/gems/ruby-2.2.1@global/bin/ruby_executable_hooks:15:in `eval'
  /usr/local/rvm/gems/ruby-2.2.1@global/bin/ruby_executable_hooks:15:in `<main>'


I, [2016-01-04T19:20:03.374282 #6285]  INFO -- : Started HEAD "/blogs/" for 81.213.206.174 at 2016-01-04 19:20:03 -0500
F, [2016-01-04T19:20:03.378606 #6285] FATAL -- : 
ActionController::RoutingError (No route matches [HEAD] "/blogs"):
  actionpack (4.2.2) lib/action_dispatch/middleware/debug_exceptions.rb:21:in `call'
  actionpack (4.2.2) lib/action_dispatch/middleware/show_exceptions.rb:30:in `call'
  railties (4.2.2) lib/rails/rack/logger.rb:38:in `call_app'
  railties (4.2.2) lib/rails/rack/logger.rb:20:in `block in call'
  activesupport (4.2.2) lib/active_support/tagged_logging.rb:68:in `block in tagged'
  activesupport (4.2.2) lib/active_support/tagged_logging.rb:26:in `tagged'
  activesupport (4.2.2) lib/active_support/tagged_logging.rb:68:in `tagged'
  railties (4.2.2) lib/rails/rack/logger.rb:20:in `call'
  actionpack (4.2.2) lib/action_dispatch/middleware/request_id.rb:21:in `call'
  rack (1.6.4) lib/rack/methodoverride.rb:22:in `call'
  rack (1.6.4) lib/rack/runtime.rb:18:in `call'
  activesupport (4.2.2) lib/active_support/cache/strategy/local_cache_middleware.rb:28:in `call'
  rack (1.6.4) lib/rack/sendfile.rb:113:in `call'
  railties (4.2.2) lib/rails/engine.rb:518:in `call'
  railties (4.2.2) lib/rails/application.rb:164:in `call'
  unicorn (5.0.1) lib/unicorn/http_server.rb:562:in `process_client'
  unicorn (5.0.1) lib/unicorn/http_server.rb:658:in `worker_loop'
  unicorn (5.0.1) lib/unicorn/http_server.rb:508:in `spawn_missing_workers'
  unicorn (5.0.1) lib/unicorn/http_server.rb:132:in `start'
  unicorn (5.0.1) bin/unicorn:126:in `<top (required)>'
  /usr/local/rvm/gems/ruby-2.2.1/bin/unicorn:23:in `load'
  /usr/local/rvm/gems/ruby-2.2.1/bin/unicorn:23:in `<main>'
  /usr/local/rvm/gems/ruby-2.2.1@global/bin/ruby_executable_hooks:15:in `eval'
  /usr/local/rvm/gems/ruby-2.2.1@global/bin/ruby_executable_hooks:15:in `<main>'


I, [2016-01-04T19:46:17.946543 #6293]  INFO -- : Started GET "/httptest.php" for 188.68.224.62 at 2016-01-04 19:46:17 -0500
F, [2016-01-04T19:46:17.950294 #6293] FATAL -- : 
ActionController::RoutingError (No route matches [GET] "/httptest.php"):
  actionpack (4.2.2) lib/action_dispatch/middleware/debug_exceptions.rb:21:in `call'
  actionpack (4.2.2) lib/action_dispatch/middleware/show_exceptions.rb:30:in `call'
  railties (4.2.2) lib/rails/rack/logger.rb:38:in `call_app'
  railties (4.2.2) lib/rails/rack/logger.rb:20:in `block in call'
  activesupport (4.2.2) lib/active_support/tagged_logging.rb:68:in `block in tagged'
  activesupport (4.2.2) lib/active_support/tagged_logging.rb:26:in `tagged'
  activesupport (4.2.2) lib/active_support/tagged_logging.rb:68:in `tagged'
  railties (4.2.2) lib/rails/rack/logger.rb:20:in `call'
  actionpack (4.2.2) lib/action_dispatch/middleware/request_id.rb:21:in `call'
  rack (1.6.4) lib/rack/methodoverride.rb:22:in `call'
  rack (1.6.4) lib/rack/runtime.rb:18:in `call'
  activesupport (4.2.2) lib/active_support/cache/strategy/local_cache_middleware.rb:28:in `call'
  rack (1.6.4) lib/rack/sendfile.rb:113:in `call'
  railties (4.2.2) lib/rails/engine.rb:518:in `call'
  railties (4.2.2) lib/rails/application.rb:164:in `call'
  unicorn (5.0.1) lib/unicorn/http_server.rb:562:in `process_client'
  unicorn (5.0.1) lib/unicorn/http_server.rb:658:in `worker_loop'
  unicorn (5.0.1) lib/unicorn/http_server.rb:508:in `spawn_missing_workers'
  unicorn (5.0.1) lib/unicorn/http_server.rb:132:in `start'
  unicorn (5.0.1) bin/unicorn:126:in `<top (required)>'
  /usr/local/rvm/gems/ruby-2.2.1/bin/unicorn:23:in `load'
  /usr/local/rvm/gems/ruby-2.2.1/bin/unicorn:23:in `<main>'
  /usr/local/rvm/gems/ruby-2.2.1@global/bin/ruby_executable_hooks:15:in `eval'
  /usr/local/rvm/gems/ruby-2.2.1@global/bin/ruby_executable_hooks:15:in `<main>'


I, [2016-01-04T20:21:40.999655 #6285]  INFO -- : Started GET "/" for 129.97.125.24 at 2016-01-04 20:21:40 -0500
I, [2016-01-04T20:21:41.001584 #6285]  INFO -- : Processing by CoursesController#index as HTML
I, [2016-01-04T20:21:41.049295 #6285]  INFO -- :   Rendered courses/index.html.erb within layouts/application (45.6ms)
I, [2016-01-04T20:21:41.050330 #6285]  INFO -- : Completed 200 OK in 49ms (Views: 47.8ms | ActiveRecord: 0.0ms)
I, [2016-01-04T20:21:41.099815 #6287]  INFO -- : Started GET "/assets/application-d6def57d7ac7d255a93e309b9a1f42793925622dae019948cf11887a7a1763ae.css" for 129.97.125.24 at 2016-01-04 20:21:41 -0500
I, [2016-01-04T20:21:41.107173 #6285]  INFO -- : Started GET "/assets/application-07fd9bbd9934e8adea62f554e98ff07e9ceadb5792d34f8c7995fc2268aa3b19.js" for 129.97.125.24 at 2016-01-04 20:21:41 -0500
I, [2016-01-04T20:21:42.630662 #6287]  INFO -- : Started GET "/" for 129.97.125.24 at 2016-01-04 20:21:42 -0500
I, [2016-01-04T20:21:42.633035 #6287]  INFO -- : Processing by CoursesController#index as HTML
I, [2016-01-04T20:21:42.634637 #6287]  INFO -- :   Rendered courses/index.html.erb within layouts/application (0.1ms)
I, [2016-01-04T20:21:42.636285 #6287]  INFO -- : Completed 200 OK in 3ms (Views: 2.0ms | ActiveRecord: 0.0ms)
I, [2016-01-04T20:21:42.678209 #6285]  INFO -- : Started GET "/assets/application-07fd9bbd9934e8adea62f554e98ff07e9ceadb5792d34f8c7995fc2268aa3b19.js" for 129.97.125.24 at 2016-01-04 20:21:42 -0500
I, [2016-01-04T20:21:42.680574 #6290]  INFO -- : Started GET "/assets/application-d6def57d7ac7d255a93e309b9a1f42793925622dae019948cf11887a7a1763ae.css" for 129.97.125.24 at 2016-01-04 20:21:42 -0500
I, [2016-01-04T20:21:44.532230 #6285]  INFO -- : Started GET "/" for 129.97.125.24 at 2016-01-04 20:21:44 -0500
I, [2016-01-04T20:21:44.534393 #6285]  INFO -- : Processing by CoursesController#index as HTML
I, [2016-01-04T20:21:44.537985 #6285]  INFO -- :   Rendered courses/index.html.erb within layouts/application (0.1ms)
I, [2016-01-04T20:21:44.539347 #6285]  INFO -- : Completed 200 OK in 5ms (Views: 4.0ms | ActiveRecord: 0.0ms)
I, [2016-01-04T20:21:44.585453 #6287]  INFO -- : Started GET "/assets/application-07fd9bbd9934e8adea62f554e98ff07e9ceadb5792d34f8c7995fc2268aa3b19.js" for 129.97.125.24 at 2016-01-04 20:21:44 -0500
I, [2016-01-04T20:21:44.586593 #6290]  INFO -- : Started GET "/assets/application-d6def57d7ac7d255a93e309b9a1f42793925622dae019948cf11887a7a1763ae.css" for 129.97.125.24 at 2016-01-04 20:21:44 -0500
I, [2016-01-04T20:21:54.169742 #6293]  INFO -- : Started GET "/" for 129.97.125.24 at 2016-01-04 20:21:54 -0500
I, [2016-01-04T20:21:54.176322 #6293]  INFO -- : Processing by CoursesController#index as HTML
I, [2016-01-04T20:21:54.178083 #6293]  INFO -- :   Rendered courses/index.html.erb within layouts/application (0.1ms)
I, [2016-01-04T20:21:54.179740 #6293]  INFO -- : Completed 200 OK in 3ms (Views: 2.1ms | ActiveRecord: 0.0ms)
I, [2016-01-04T20:21:54.225087 #6285]  INFO -- : Started GET "/assets/application-07fd9bbd9934e8adea62f554e98ff07e9ceadb5792d34f8c7995fc2268aa3b19.js" for 129.97.125.24 at 2016-01-04 20:21:54 -0500
I, [2016-01-04T20:21:54.226145 #6290]  INFO -- : Started GET "/assets/application-d6def57d7ac7d255a93e309b9a1f42793925622dae019948cf11887a7a1763ae.css" for 129.97.125.24 at 2016-01-04 20:21:54 -0500
I, [2016-01-04T20:23:03.412539 #6287]  INFO -- : Started GET "/" for 129.97.125.24 at 2016-01-04 20:23:03 -0500
I, [2016-01-04T20:23:03.414346 #6287]  INFO -- : Processing by CoursesController#index as HTML
I, [2016-01-04T20:23:03.417074 #6287]  INFO -- :   Rendered courses/index.html.erb within layouts/application (0.1ms)
I, [2016-01-04T20:23:03.418135 #6287]  INFO -- : Completed 200 OK in 4ms (Views: 2.8ms | ActiveRecord: 0.0ms)
I, [2016-01-04T20:23:03.466194 #6290]  INFO -- : Started GET "/assets/application-d6def57d7ac7d255a93e309b9a1f42793925622dae019948cf11887a7a1763ae.css" for 129.97.125.24 at 2016-01-04 20:23:03 -0500
I, [2016-01-04T20:23:03.468045 #6293]  INFO -- : Started GET "/assets/application-07fd9bbd9934e8adea62f554e98ff07e9ceadb5792d34f8c7995fc2268aa3b19.js" for 129.97.125.24 at 2016-01-04 20:23:03 -0500
I, [2016-01-04T20:24:46.645220 #6285]  INFO -- : Started GET "/" for 129.97.125.24 at 2016-01-04 20:24:46 -0500
I, [2016-01-04T20:24:46.647129 #6285]  INFO -- : Processing by CoursesController#index as HTML
I, [2016-01-04T20:24:46.648609 #6285]  INFO -- :   Rendered courses/index.html.erb within layouts/application (0.1ms)
I, [2016-01-04T20:24:46.649486 #6285]  INFO -- : Completed 200 OK in 2ms (Views: 1.2ms | ActiveRecord: 0.0ms)
I, [2016-01-04T20:24:46.692982 #6290]  INFO -- : Started GET "/assets/application-d6def57d7ac7d255a93e309b9a1f42793925622dae019948cf11887a7a1763ae.css" for 129.97.125.24 at 2016-01-04 20:24:46 -0500
I, [2016-01-04T20:24:46.694232 #6287]  INFO -- : Started GET "/assets/application-07fd9bbd9934e8adea62f554e98ff07e9ceadb5792d34f8c7995fc2268aa3b19.js" for 129.97.125.24 at 2016-01-04 20:24:46 -0500
I, [2016-01-04T20:24:48.460013 #6293]  INFO -- : Started GET "/" for 129.97.125.24 at 2016-01-04 20:24:48 -0500
I, [2016-01-04T20:24:48.461662 #6293]  INFO -- : Processing by CoursesController#index as HTML
I, [2016-01-04T20:24:48.462903 #6293]  INFO -- :   Rendered courses/index.html.erb within layouts/application (0.1ms)
I, [2016-01-04T20:24:48.464822 #6293]  INFO -- : Completed 200 OK in 3ms (Views: 2.3ms | ActiveRecord: 0.0ms)
I, [2016-01-04T20:24:48.524084 #6290]  INFO -- : Started GET "/assets/application-07fd9bbd9934e8adea62f554e98ff07e9ceadb5792d34f8c7995fc2268aa3b19.js" for 129.97.125.24 at 2016-01-04 20:24:48 -0500
I, [2016-01-04T20:24:48.524780 #6287]  INFO -- : Started GET "/assets/application-d6def57d7ac7d255a93e309b9a1f42793925622dae019948cf11887a7a1763ae.css" for 129.97.125.24 at 2016-01-04 20:24:48 -0500
I, [2016-01-04T20:25:06.045809 #6285]  INFO -- : Started GET "/" for 129.97.125.24 at 2016-01-04 20:25:06 -0500
I, [2016-01-04T20:25:06.047778 #6285]  INFO -- : Processing by CoursesController#index as HTML
I, [2016-01-04T20:25:06.049137 #6285]  INFO -- :   Rendered courses/index.html.erb within layouts/application (0.1ms)
I, [2016-01-04T20:25:06.050045 #6285]  INFO -- : Completed 200 OK in 2ms (Views: 1.2ms | ActiveRecord: 0.0ms)
I, [2016-01-04T20:25:06.093268 #6287]  INFO -- : Started GET "/assets/application-07fd9bbd9934e8adea62f554e98ff07e9ceadb5792d34f8c7995fc2268aa3b19.js" for 129.97.125.24 at 2016-01-04 20:25:06 -0500
I, [2016-01-04T20:25:06.093968 #6290]  INFO -- : Started GET "/assets/application-d6def57d7ac7d255a93e309b9a1f42793925622dae019948cf11887a7a1763ae.css" for 129.97.125.24 at 2016-01-04 20:25:06 -0500
I, [2016-01-04T20:25:14.949530 #6293]  INFO -- : Started GET "/" for 129.97.125.24 at 2016-01-04 20:25:14 -0500
I, [2016-01-04T20:25:14.951238 #6293]  INFO -- : Processing by CoursesController#index as HTML
I, [2016-01-04T20:25:14.952656 #6293]  INFO -- :   Rendered courses/index.html.erb within layouts/application (0.1ms)
I, [2016-01-04T20:25:14.953760 #6293]  INFO -- : Completed 200 OK in 2ms (Views: 1.5ms | ActiveRecord: 0.0ms)
I, [2016-01-04T20:25:14.999193 #6285]  INFO -- : Started GET "/assets/application-07fd9bbd9934e8adea62f554e98ff07e9ceadb5792d34f8c7995fc2268aa3b19.js" for 129.97.125.24 at 2016-01-04 20:25:14 -0500
I, [2016-01-04T20:25:15.000491 #6287]  INFO -- : Started GET "/assets/application-d6def57d7ac7d255a93e309b9a1f42793925622dae019948cf11887a7a1763ae.css" for 129.97.125.24 at 2016-01-04 20:25:15 -0500
I, [2016-01-04T20:25:37.920018 #6290]  INFO -- : Started GET "/" for 129.97.125.24 at 2016-01-04 20:25:37 -0500
I, [2016-01-04T20:25:37.922300 #6290]  INFO -- : Processing by CoursesController#index as HTML
I, [2016-01-04T20:25:37.926628 #6290]  INFO -- :   Rendered courses/index.html.erb within layouts/application (0.1ms)
I, [2016-01-04T20:25:37.927902 #6290]  INFO -- : Completed 200 OK in 5ms (Views: 4.5ms | ActiveRecord: 0.0ms)
I, [2016-01-04T20:25:37.988496 #6287]  INFO -- : Started GET "/assets/application-07fd9bbd9934e8adea62f554e98ff07e9ceadb5792d34f8c7995fc2268aa3b19.js" for 129.97.125.24 at 2016-01-04 20:25:37 -0500
I, [2016-01-04T20:25:37.990252 #6285]  INFO -- : Started GET "/assets/application-d6def57d7ac7d255a93e309b9a1f42793925622dae019948cf11887a7a1763ae.css" for 129.97.125.24 at 2016-01-04 20:25:37 -0500
I, [2016-01-04T20:25:46.248306 #6293]  INFO -- : Started GET "/" for 129.97.125.24 at 2016-01-04 20:25:46 -0500
I, [2016-01-04T20:25:46.250412 #6293]  INFO -- : Processing by CoursesController#index as HTML
I, [2016-01-04T20:25:46.253392 #6293]  INFO -- :   Rendered courses/index.html.erb within layouts/application (0.1ms)
I, [2016-01-04T20:25:46.254268 #6293]  INFO -- : Completed 200 OK in 4ms (Views: 3.0ms | ActiveRecord: 0.0ms)
I, [2016-01-04T20:25:46.326121 #6290]  INFO -- : Started GET "/assets/application-07fd9bbd9934e8adea62f554e98ff07e9ceadb5792d34f8c7995fc2268aa3b19.js" for 129.97.125.24 at 2016-01-04 20:25:46 -0500
I, [2016-01-04T20:25:46.327021 #6285]  INFO -- : Started GET "/assets/application-d6def57d7ac7d255a93e309b9a1f42793925622dae019948cf11887a7a1763ae.css" for 129.97.125.24 at 2016-01-04 20:25:46 -0500
I, [2016-01-04T20:27:21.480823 #6287]  INFO -- : Started GET "/" for 129.97.125.24 at 2016-01-04 20:27:21 -0500
I, [2016-01-04T20:27:21.482925 #6287]  INFO -- : Processing by CoursesController#index as HTML
I, [2016-01-04T20:27:21.485078 #6287]  INFO -- :   Rendered courses/index.html.erb within layouts/application (0.1ms)
I, [2016-01-04T20:27:21.486337 #6287]  INFO -- : Completed 200 OK in 3ms (Views: 1.7ms | ActiveRecord: 0.0ms)
I, [2016-01-04T20:27:21.560155 #6293]  INFO -- : Started GET "/assets/application-07fd9bbd9934e8adea62f554e98ff07e9ceadb5792d34f8c7995fc2268aa3b19.js" for 129.97.125.24 at 2016-01-04 20:27:21 -0500
I, [2016-01-04T20:27:21.561199 #6290]  INFO -- : Started GET "/assets/application-d6def57d7ac7d255a93e309b9a1f42793925622dae019948cf11887a7a1763ae.css" for 129.97.125.24 at 2016-01-04 20:27:21 -0500
I, [2016-01-04T20:27:23.285403 #6290]  INFO -- : Started GET "/" for 129.97.125.24 at 2016-01-04 20:27:23 -0500
I, [2016-01-04T20:27:23.288281 #6290]  INFO -- : Processing by CoursesController#index as HTML
I, [2016-01-04T20:27:23.290081 #6290]  INFO -- :   Rendered courses/index.html.erb within layouts/application (0.1ms)
I, [2016-01-04T20:27:23.291152 #6290]  INFO -- : Completed 200 OK in 3ms (Views: 1.6ms | ActiveRecord: 0.0ms)
I, [2016-01-04T20:27:23.573015 #6293]  INFO -- : Started GET "/assets/application-d6def57d7ac7d255a93e309b9a1f42793925622dae019948cf11887a7a1763ae.css" for 129.97.125.24 at 2016-01-04 20:27:23 -0500
I, [2016-01-04T20:27:23.576689 #6285]  INFO -- : Started GET "/assets/application-07fd9bbd9934e8adea62f554e98ff07e9ceadb5792d34f8c7995fc2268aa3b19.js" for 129.97.125.24 at 2016-01-04 20:27:23 -0500
I, [2016-01-04T20:27:51.022645 #6285]  INFO -- : Started GET "/" for 129.97.125.24 at 2016-01-04 20:27:51 -0500
I, [2016-01-04T20:27:51.025748 #6285]  INFO -- : Processing by CoursesController#index as HTML
I, [2016-01-04T20:27:51.027018 #6285]  INFO -- :   Rendered courses/index.html.erb within layouts/application (0.1ms)
I, [2016-01-04T20:27:51.028767 #6285]  INFO -- : Completed 200 OK in 3ms (Views: 2.1ms | ActiveRecord: 0.0ms)
I, [2016-01-04T20:27:51.068692 #6287]  INFO -- : Started GET "/assets/application-07fd9bbd9934e8adea62f554e98ff07e9ceadb5792d34f8c7995fc2268aa3b19.js" for 129.97.125.24 at 2016-01-04 20:27:51 -0500
I, [2016-01-04T20:27:51.069522 #6293]  INFO -- : Started GET "/assets/application-d6def57d7ac7d255a93e309b9a1f42793925622dae019948cf11887a7a1763ae.css" for 129.97.125.24 at 2016-01-04 20:27:51 -0500
I, [2016-01-04T20:27:52.676301 #6290]  INFO -- : Started GET "/" for 129.97.125.24 at 2016-01-04 20:27:52 -0500
I, [2016-01-04T20:27:52.678015 #6290]  INFO -- : Processing by CoursesController#index as HTML
I, [2016-01-04T20:27:52.679167 #6290]  INFO -- :   Rendered courses/index.html.erb within layouts/application (0.1ms)
I, [2016-01-04T20:27:52.680188 #6290]  INFO -- : Completed 200 OK in 2ms (Views: 1.4ms | ActiveRecord: 0.0ms)
I, [2016-01-04T20:27:52.726415 #6285]  INFO -- : Started GET "/assets/application-07fd9bbd9934e8adea62f554e98ff07e9ceadb5792d34f8c7995fc2268aa3b19.js" for 129.97.125.24 at 2016-01-04 20:27:52 -0500
I, [2016-01-04T20:27:52.727908 #6293]  INFO -- : Started GET "/assets/application-d6def57d7ac7d255a93e309b9a1f42793925622dae019948cf11887a7a1763ae.css" for 129.97.125.24 at 2016-01-04 20:27:52 -0500
I, [2016-01-04T20:27:54.334078 #6287]  INFO -- : Started GET "/" for 129.97.125.24 at 2016-01-04 20:27:54 -0500
I, [2016-01-04T20:27:54.335992 #6287]  INFO -- : Processing by CoursesController#index as HTML
I, [2016-01-04T20:27:54.336994 #6287]  INFO -- :   Rendered courses/index.html.erb within layouts/application (0.1ms)
I, [2016-01-04T20:27:54.337817 #6287]  INFO -- : Completed 200 OK in 2ms (Views: 1.1ms | ActiveRecord: 0.0ms)
I, [2016-01-04T20:27:54.415790 #6290]  INFO -- : Started GET "/assets/application-07fd9bbd9934e8adea62f554e98ff07e9ceadb5792d34f8c7995fc2268aa3b19.js" for 129.97.125.24 at 2016-01-04 20:27:54 -0500
I, [2016-01-04T20:27:54.416553 #6285]  INFO -- : Started GET "/assets/application-d6def57d7ac7d255a93e309b9a1f42793925622dae019948cf11887a7a1763ae.css" for 129.97.125.24 at 2016-01-04 20:27:54 -0500
I, [2016-01-04T20:28:23.905493 #6293]  INFO -- : Started GET "/" for 129.97.125.24 at 2016-01-04 20:28:23 -0500
I, [2016-01-04T20:28:23.911688 #6293]  INFO -- : Processing by CoursesController#index as HTML
I, [2016-01-04T20:28:23.914379 #6293]  INFO -- :   Rendered courses/index.html.erb within layouts/application (0.2ms)
I, [2016-01-04T20:28:23.916418 #6293]  INFO -- : Completed 200 OK in 5ms (Views: 3.1ms | ActiveRecord: 0.0ms)
I, [2016-01-04T20:28:23.957645 #6287]  INFO -- : Started GET "/assets/application-07fd9bbd9934e8adea62f554e98ff07e9ceadb5792d34f8c7995fc2268aa3b19.js" for 129.97.125.24 at 2016-01-04 20:28:23 -0500
I, [2016-01-04T20:28:23.958349 #6290]  INFO -- : Started GET "/assets/application-d6def57d7ac7d255a93e309b9a1f42793925622dae019948cf11887a7a1763ae.css" for 129.97.125.24 at 2016-01-04 20:28:23 -0500
I, [2016-01-04T20:28:25.533569 #6285]  INFO -- : Started GET "/" for 129.97.125.24 at 2016-01-04 20:28:25 -0500
I, [2016-01-04T20:28:25.535804 #6285]  INFO -- : Processing by CoursesController#index as HTML
I, [2016-01-04T20:28:25.537208 #6285]  INFO -- :   Rendered courses/index.html.erb within layouts/application (0.1ms)
I, [2016-01-04T20:28:25.538297 #6285]  INFO -- : Completed 200 OK in 2ms (Views: 1.5ms | ActiveRecord: 0.0ms)
I, [2016-01-04T20:28:25.586923 #6287]  INFO -- : Started GET "/assets/application-d6def57d7ac7d255a93e309b9a1f42793925622dae019948cf11887a7a1763ae.css" for 129.97.125.24 at 2016-01-04 20:28:25 -0500
I, [2016-01-04T20:28:25.591078 #6290]  INFO -- : Started GET "/assets/application-07fd9bbd9934e8adea62f554e98ff07e9ceadb5792d34f8c7995fc2268aa3b19.js" for 129.97.125.24 at 2016-01-04 20:28:25 -0500
I, [2016-01-04T20:39:08.209658 #6293]  INFO -- : Started GET "/projects/1" for 66.249.65.152 at 2016-01-04 20:39:08 -0500
F, [2016-01-04T20:39:08.212300 #6293] FATAL -- : 
ActionController::RoutingError (No route matches [GET] "/projects/1"):
  actionpack (4.2.2) lib/action_dispatch/middleware/debug_exceptions.rb:21:in `call'
  actionpack (4.2.2) lib/action_dispatch/middleware/show_exceptions.rb:30:in `call'
  railties (4.2.2) lib/rails/rack/logger.rb:38:in `call_app'
  railties (4.2.2) lib/rails/rack/logger.rb:20:in `block in call'
  activesupport (4.2.2) lib/active_support/tagged_logging.rb:68:in `block in tagged'
  activesupport (4.2.2) lib/active_support/tagged_logging.rb:26:in `tagged'
  activesupport (4.2.2) lib/active_support/tagged_logging.rb:68:in `tagged'
  railties (4.2.2) lib/rails/rack/logger.rb:20:in `call'
  actionpack (4.2.2) lib/action_dispatch/middleware/request_id.rb:21:in `call'
  rack (1.6.4) lib/rack/methodoverride.rb:22:in `call'
  rack (1.6.4) lib/rack/runtime.rb:18:in `call'
  activesupport (4.2.2) lib/active_support/cache/strategy/local_cache_middleware.rb:28:in `call'
  rack (1.6.4) lib/rack/sendfile.rb:113:in `call'
  railties (4.2.2) lib/rails/engine.rb:518:in `call'
  railties (4.2.2) lib/rails/application.rb:164:in `call'
  unicorn (5.0.1) lib/unicorn/http_server.rb:562:in `process_client'
  unicorn (5.0.1) lib/unicorn/http_server.rb:658:in `worker_loop'
  unicorn (5.0.1) lib/unicorn/http_server.rb:508:in `spawn_missing_workers'
  unicorn (5.0.1) lib/unicorn/http_server.rb:132:in `start'
  unicorn (5.0.1) bin/unicorn:126:in `<top (required)>'
  /usr/local/rvm/gems/ruby-2.2.1/bin/unicorn:23:in `load'
  /usr/local/rvm/gems/ruby-2.2.1/bin/unicorn:23:in `<main>'
  /usr/local/rvm/gems/ruby-2.2.1@global/bin/ruby_executable_hooks:15:in `eval'
  /usr/local/rvm/gems/ruby-2.2.1@global/bin/ruby_executable_hooks:15:in `<main>'


I, [2016-01-04T20:47:15.387091 #6290]  INFO -- : Started GET "/" for 129.97.125.26 at 2016-01-04 20:47:15 -0500
I, [2016-01-04T20:47:15.389779 #6290]  INFO -- : Processing by CoursesController#index as HTML
I, [2016-01-04T20:47:15.391044 #6290]  INFO -- :   Rendered courses/index.html.erb within layouts/application (0.1ms)
I, [2016-01-04T20:47:15.392220 #6290]  INFO -- : Completed 200 OK in 2ms (Views: 1.6ms | ActiveRecord: 0.0ms)
I, [2016-01-04T20:47:17.257635 #6293]  INFO -- : Started GET "/auth/facebook" for 129.97.125.26 at 2016-01-04 20:47:17 -0500
I, [2016-01-04T20:47:17.258872 #6293]  INFO -- : (facebook) Request phase initiated.
I, [2016-01-04T20:47:17.541120 #6290]  INFO -- : Started GET "/auth/facebook/callback?code=AQDgYKVW6fLobLkm5qeI9GMYSchmGtVoI62vHrfygT6algywaQGSSk8GhV6XdtrF99KBWNBkqPnDDI_ljh5W0RZdtGifCxRBpmXuIPGSr1nt_Un1dKavAnOpUO_dlp5InyBvujq2D00rgZz2TO3GpseqfIEA9J_rinP4fx5Mph4uHTx9elu5fBxAydIQQtYX7oif3E0oU935vEtqBbbSXsFqKaZ6pYjdZVDp6oixfbR6jtkQq2lDYVrTbRVq0OgRgHUtx8YpI5jOdyU5s729uXnSFlvQThcBzcy2vn9OMzrJtNiE4725n_9eBMhhxsdfe53uyWmOJzUPr0b0RbI1dHOWwcULUFnu4dZmazv7Go5h0w&state=fe40d4bacbce748666a40546b27fea20989575e42f94f3fc" for 129.97.125.26 at 2016-01-04 20:47:17 -0500
I, [2016-01-04T20:47:17.542312 #6290]  INFO -- : (facebook) Callback phase initiated.
I, [2016-01-04T20:47:17.906420 #6290]  INFO -- : Processing by SessionsController#create as HTML
I, [2016-01-04T20:47:17.906535 #6290]  INFO -- :   Parameters: {"code"=>"AQDgYKVW6fLobLkm5qeI9GMYSchmGtVoI62vHrfygT6algywaQGSSk8GhV6XdtrF99KBWNBkqPnDDI_ljh5W0RZdtGifCxRBpmXuIPGSr1nt_Un1dKavAnOpUO_dlp5InyBvujq2D00rgZz2TO3GpseqfIEA9J_rinP4fx5Mph4uHTx9elu5fBxAydIQQtYX7oif3E0oU935vEtqBbbSXsFqKaZ6pYjdZVDp6oixfbR6jtkQq2lDYVrTbRVq0OgRgHUtx8YpI5jOdyU5s729uXnSFlvQThcBzcy2vn9OMzrJtNiE4725n_9eBMhhxsdfe53uyWmOJzUPr0b0RbI1dHOWwcULUFnu4dZmazv7Go5h0w", "state"=>"fe40d4bacbce748666a40546b27fea20989575e42f94f3fc", "provider"=>"facebook"}
D, [2016-01-04T20:47:17.910656 #6290] DEBUG -- :   [1m[36mUser Load (0.5ms)[0m  [1mSELECT  "users".* FROM "users" WHERE "users"."provider" = $1 AND "users"."uid" = $2  ORDER BY "users"."id" ASC LIMIT 1[0m  [["provider", "facebook"], ["uid", "1013247432068187"]]
I, [2016-01-04T20:47:17.915808 #6290]  INFO -- : Redirected to http://muriqui.xyz/
I, [2016-01-04T20:47:17.916065 #6290]  INFO -- : Completed 302 Found in 9ms (ActiveRecord: 0.5ms)
I, [2016-01-04T20:47:18.017056 #6293]  INFO -- : Started GET "/" for 129.97.125.26 at 2016-01-04 20:47:18 -0500
I, [2016-01-04T20:47:18.019838 #6293]  INFO -- : Processing by CoursesController#index as HTML
D, [2016-01-04T20:47:18.041247 #6293] DEBUG -- :   [1m[36mUser Load (0.8ms)[0m  [1mSELECT  "users".* FROM "users" WHERE "users"."id" = $1 LIMIT 1[0m  [["id", 2]]
D, [2016-01-04T20:47:18.073052 #6293] DEBUG -- :   [1m[35mCourse Load (0.5ms)[0m  SELECT "courses".* FROM "courses"
I, [2016-01-04T20:47:18.074177 #6293]  INFO -- :   Rendered courses/_course_list.html.erb (3.0ms)
I, [2016-01-04T20:47:18.074282 #6293]  INFO -- :   Rendered courses/index.html.erb within layouts/application (5.3ms)
I, [2016-01-04T20:47:18.076182 #6293]  INFO -- : Completed 200 OK in 55ms (Views: 6.2ms | ActiveRecord: 9.5ms)
I, [2016-01-04T20:47:20.337183 #6290]  INFO -- : Started GET "/courses/1" for 129.97.125.26 at 2016-01-04 20:47:20 -0500
I, [2016-01-04T20:47:20.340988 #6290]  INFO -- : Processing by CoursesController#show as HTML
I, [2016-01-04T20:47:20.341102 #6290]  INFO -- :   Parameters: {"id"=>"1"}
D, [2016-01-04T20:47:20.342655 #6290] DEBUG -- :   [1m[35mUser Load (0.5ms)[0m  SELECT  "users".* FROM "users" WHERE "users"."id" = $1 LIMIT 1  [["id", 2]]
D, [2016-01-04T20:47:20.344862 #6290] DEBUG -- :   [1m[36mCourse Load (0.3ms)[0m  [1mSELECT  "courses".* FROM "courses" WHERE "courses"."id" = $1 LIMIT 1[0m  [["id", 1]]
D, [2016-01-04T20:47:20.374601 #6290] DEBUG -- :   [1m[35mAssignment Load (0.4ms)[0m  SELECT "assignments".* FROM "assignments" WHERE "assignments"."course_id" = $1  [["course_id", 1]]
I, [2016-01-04T20:47:20.378281 #6290]  INFO -- :   Rendered assignments/_assignment_list.html.erb (17.7ms)
I, [2016-01-04T20:47:20.378389 #6290]  INFO -- :   Rendered courses/show.html.erb within layouts/application (23.3ms)
I, [2016-01-04T20:47:20.380770 #6290]  INFO -- : Completed 200 OK in 38ms (Views: 24.5ms | ActiveRecord: 2.0ms)
I, [2016-01-04T20:47:23.156565 #6293]  INFO -- : Started GET "/assignments/1" for 129.97.125.26 at 2016-01-04 20:47:23 -0500
I, [2016-01-04T20:47:23.162366 #6293]  INFO -- : Processing by AssignmentsController#show as HTML
I, [2016-01-04T20:47:23.162464 #6293]  INFO -- :   Parameters: {"id"=>"1"}
D, [2016-01-04T20:47:23.166865 #6293] DEBUG -- :   [1m[36mUser Load (0.4ms)[0m  [1mSELECT  "users".* FROM "users" WHERE "users"."id" = $1 LIMIT 1[0m  [["id", 2]]
D, [2016-01-04T20:47:23.172875 #6293] DEBUG -- :   [1m[35mAssignment Load (0.5ms)[0m  SELECT  "assignments".* FROM "assignments" WHERE "assignments"."id" = $1 LIMIT 1  [["id", 1]]
D, [2016-01-04T20:47:23.215226 #6293] DEBUG -- :   [1m[36mCourse Load (0.3ms)[0m  [1mSELECT  "courses".* FROM "courses" WHERE "courses"."id" = $1 LIMIT 1[0m  [["id", 1]]
D, [2016-01-04T20:47:23.270637 #6293] DEBUG -- :   [1m[35mProblem Load (0.4ms)[0m  SELECT "problems".* FROM "problems" WHERE "problems"."assignment_id" = $1  [["assignment_id", 1]]
I, [2016-01-04T20:47:23.270983 #6293]  INFO -- :   Rendered problems/_problem_list.html.erb (16.2ms)
I, [2016-01-04T20:47:23.271081 #6293]  INFO -- :   Rendered assignments/show.html.erb within layouts/application (20.5ms)
I, [2016-01-04T20:47:23.272975 #6293]  INFO -- : Completed 200 OK in 110ms (Views: 25.8ms | ActiveRecord: 3.9ms)
I, [2016-01-04T21:15:25.465922 #6290]  INFO -- : Started GET "/" for 129.97.125.30 at 2016-01-04 21:15:25 -0500
I, [2016-01-04T21:15:25.469750 #6290]  INFO -- : Processing by CoursesController#index as HTML
D, [2016-01-04T21:15:25.472977 #6290] DEBUG -- :   [1m[36mUser Load (0.4ms)[0m  [1mSELECT  "users".* FROM "users" WHERE "users"."id" = $1 LIMIT 1[0m  [["id", 2]]
D, [2016-01-04T21:15:25.475110 #6290] DEBUG -- :   [1m[35mCourse Load (0.3ms)[0m  SELECT "courses".* FROM "courses"
I, [2016-01-04T21:15:25.475912 #6290]  INFO -- :   Rendered courses/_course_list.html.erb (1.4ms)
I, [2016-01-04T21:15:25.476010 #6290]  INFO -- :   Rendered courses/index.html.erb within layouts/application (1.7ms)
I, [2016-01-04T21:15:25.476779 #6290]  INFO -- : Completed 200 OK in 7ms (Views: 2.6ms | ActiveRecord: 0.7ms)
I, [2016-01-04T21:15:28.949484 #6293]  INFO -- : Started GET "/courses/1" for 129.97.125.30 at 2016-01-04 21:15:28 -0500
I, [2016-01-04T21:15:28.952449 #6293]  INFO -- : Processing by CoursesController#show as HTML
I, [2016-01-04T21:15:28.952540 #6293]  INFO -- :   Parameters: {"id"=>"1"}
D, [2016-01-04T21:15:28.954805 #6293] DEBUG -- :   [1m[36mUser Load (0.3ms)[0m  [1mSELECT  "users".* FROM "users" WHERE "users"."id" = $1 LIMIT 1[0m  [["id", 2]]
D, [2016-01-04T21:15:28.957314 #6293] DEBUG -- :   [1m[35mCourse Load (0.3ms)[0m  SELECT  "courses".* FROM "courses" WHERE "courses"."id" = $1 LIMIT 1  [["id", 1]]
D, [2016-01-04T21:15:28.970616 #6293] DEBUG -- :   [1m[36mAssignment Load (0.2ms)[0m  [1mSELECT "assignments".* FROM "assignments" WHERE "assignments"."course_id" = $1[0m  [["course_id", 1]]
I, [2016-01-04T21:15:28.975952 #6293]  INFO -- :   Rendered assignments/_assignment_list.html.erb (11.8ms)
I, [2016-01-04T21:15:28.976050 #6293]  INFO -- :   Rendered courses/show.html.erb within layouts/application (15.0ms)
I, [2016-01-04T21:15:28.978783 #6293]  INFO -- : Completed 200 OK in 26ms (Views: 20.5ms | ActiveRecord: 0.8ms)
I, [2016-01-04T21:15:31.690800 #6287]  INFO -- : Started GET "/assignments/1" for 129.97.125.30 at 2016-01-04 21:15:31 -0500
I, [2016-01-04T21:15:31.694687 #6287]  INFO -- : Processing by AssignmentsController#show as HTML
I, [2016-01-04T21:15:31.694758 #6287]  INFO -- :   Parameters: {"id"=>"1"}
D, [2016-01-04T21:15:31.700277 #6287] DEBUG -- :   [1m[36mUser Load (1.0ms)[0m  [1mSELECT  "users".* FROM "users" WHERE "users"."id" = $1 LIMIT 1[0m  [["id", 2]]
D, [2016-01-04T21:15:31.706775 #6287] DEBUG -- :   [1m[35mAssignment Load (0.4ms)[0m  SELECT  "assignments".* FROM "assignments" WHERE "assignments"."id" = $1 LIMIT 1  [["id", 1]]
D, [2016-01-04T21:15:31.752923 #6287] DEBUG -- :   [1m[36mCourse Load (0.4ms)[0m  [1mSELECT  "courses".* FROM "courses" WHERE "courses"."id" = $1 LIMIT 1[0m  [["id", 1]]
D, [2016-01-04T21:15:31.823184 #6287] DEBUG -- :   [1m[35mProblem Load (0.5ms)[0m  SELECT "problems".* FROM "problems" WHERE "problems"."assignment_id" = $1  [["assignment_id", 1]]
I, [2016-01-04T21:15:31.824201 #6287]  INFO -- :   Rendered problems/_problem_list.html.erb (26.1ms)
I, [2016-01-04T21:15:31.824324 #6287]  INFO -- :   Rendered assignments/show.html.erb within layouts/application (30.6ms)
I, [2016-01-04T21:15:31.826155 #6287]  INFO -- : Completed 200 OK in 131ms (Views: 35.1ms | ActiveRecord: 5.4ms)
I, [2016-01-04T21:15:36.301633 #6293]  INFO -- : Started GET "/logout" for 129.97.125.30 at 2016-01-04 21:15:36 -0500
I, [2016-01-04T21:15:36.305125 #6293]  INFO -- : Processing by SessionsController#destroy as HTML
I, [2016-01-04T21:15:36.306910 #6293]  INFO -- : Redirected to http://muriqui.xyz/
I, [2016-01-04T21:15:36.307086 #6293]  INFO -- : Completed 302 Found in 2ms (ActiveRecord: 0.0ms)
I, [2016-01-04T21:15:36.322935 #6287]  INFO -- : Started GET "/" for 129.97.125.30 at 2016-01-04 21:15:36 -0500
I, [2016-01-04T21:15:36.324759 #6287]  INFO -- : Processing by CoursesController#index as HTML
I, [2016-01-04T21:15:36.326773 #6287]  INFO -- :   Rendered courses/index.html.erb within layouts/application (0.1ms)
I, [2016-01-04T21:15:36.331959 #6287]  INFO -- : Completed 200 OK in 6ms (Views: 5.6ms | ActiveRecord: 0.0ms)
I, [2016-01-04T21:15:38.071608 #6293]  INFO -- : Started GET "/auth/facebook" for 129.97.125.30 at 2016-01-04 21:15:38 -0500
I, [2016-01-04T21:15:38.073857 #6293]  INFO -- : (facebook) Request phase initiated.
I, [2016-01-04T21:15:38.378924 #6287]  INFO -- : Started GET "/auth/facebook/callback?code=AQAjpPCTqpaSStc_7bVCIMNlwEC8gsUL0RxcmTUT50gUxCv2lMSDMoLBRbsCKJJZhD4QRQXi30BFkh00rJ4uJx479UsbaaEYUHFaHI4Fp5aBo1B7YF8NA_SMMzJrjn43y2Xq1IfihQCgQI0vGVBZTwMhB2i8zDo2uyk9uX3FUQYOJ_GGMA6Li2R7EUdxkcFqoE4CHEEQvRgXC2KxtSJRaP_uZ2MfWyGwiGtAMgylHoF3piMIWXl9xUZcWi2VmLj2CFbkpOb8QpmpxFtFK02h946J0o07QKMiKH8xpTJ317WrVly0ytYajx_7Vf-c8erCU_cKiofqUBhyZULR7tTnPjJ_N0xg7WM5BZI1HvX4lSG7xg&state=37d3c60a0677a93bf715e63589c62ba4c667d9238477194c" for 129.97.125.30 at 2016-01-04 21:15:38 -0500
I, [2016-01-04T21:15:38.380765 #6287]  INFO -- : (facebook) Callback phase initiated.
I, [2016-01-04T21:15:38.750239 #6287]  INFO -- : Processing by SessionsController#create as HTML
I, [2016-01-04T21:15:38.750410 #6287]  INFO -- :   Parameters: {"code"=>"AQAjpPCTqpaSStc_7bVCIMNlwEC8gsUL0RxcmTUT50gUxCv2lMSDMoLBRbsCKJJZhD4QRQXi30BFkh00rJ4uJx479UsbaaEYUHFaHI4Fp5aBo1B7YF8NA_SMMzJrjn43y2Xq1IfihQCgQI0vGVBZTwMhB2i8zDo2uyk9uX3FUQYOJ_GGMA6Li2R7EUdxkcFqoE4CHEEQvRgXC2KxtSJRaP_uZ2MfWyGwiGtAMgylHoF3piMIWXl9xUZcWi2VmLj2CFbkpOb8QpmpxFtFK02h946J0o07QKMiKH8xpTJ317WrVly0ytYajx_7Vf-c8erCU_cKiofqUBhyZULR7tTnPjJ_N0xg7WM5BZI1HvX4lSG7xg", "state"=>"37d3c60a0677a93bf715e63589c62ba4c667d9238477194c", "provider"=>"facebook"}
D, [2016-01-04T21:15:38.756766 #6287] DEBUG -- :   [1m[36mUser Load (1.6ms)[0m  [1mSELECT  "users".* FROM "users" WHERE "users"."provider" = $1 AND "users"."uid" = $2  ORDER BY "users"."id" ASC LIMIT 1[0m  [["provider", "facebook"], ["uid", "1013247432068187"]]
I, [2016-01-04T21:15:38.758543 #6287]  INFO -- : Redirected to http://muriqui.xyz/
I, [2016-01-04T21:15:38.758738 #6287]  INFO -- : Completed 302 Found in 8ms (ActiveRecord: 1.6ms)
I, [2016-01-04T21:15:38.888092 #6293]  INFO -- : Started GET "/" for 129.97.125.30 at 2016-01-04 21:15:38 -0500
I, [2016-01-04T21:15:38.891698 #6293]  INFO -- : Processing by CoursesController#index as HTML
D, [2016-01-04T21:15:38.893295 #6293] DEBUG -- :   [1m[35mUser Load (0.5ms)[0m  SELECT  "users".* FROM "users" WHERE "users"."id" = $1 LIMIT 1  [["id", 2]]
D, [2016-01-04T21:15:38.897363 #6293] DEBUG -- :   [1m[36mCourse Load (0.3ms)[0m  [1mSELECT "courses".* FROM "courses"[0m
I, [2016-01-04T21:15:38.899219 #6293]  INFO -- :   Rendered courses/_course_list.html.erb (4.0ms)
I, [2016-01-04T21:15:38.900382 #6293]  INFO -- :   Rendered courses/index.html.erb within layouts/application (5.2ms)
I, [2016-01-04T21:15:38.902292 #6293]  INFO -- : Completed 200 OK in 10ms (Views: 8.0ms | ActiveRecord: 0.8ms)
I, [2016-01-04T21:16:38.278513 #6287]  INFO -- : Started GET "/" for 129.97.125.30 at 2016-01-04 21:16:38 -0500
I, [2016-01-04T21:16:38.280377 #6287]  INFO -- : Processing by CoursesController#index as HTML
D, [2016-01-04T21:16:38.283059 #6287] DEBUG -- :   [1m[35mUser Load (0.4ms)[0m  SELECT  "users".* FROM "users" WHERE "users"."id" = $1 LIMIT 1  [["id", 2]]
D, [2016-01-04T21:16:38.286647 #6287] DEBUG -- :   [1m[36mCourse Load (0.3ms)[0m  [1mSELECT "courses".* FROM "courses"[0m
I, [2016-01-04T21:16:38.287466 #6287]  INFO -- :   Rendered courses/_course_list.html.erb (1.2ms)
I, [2016-01-04T21:16:38.287707 #6287]  INFO -- :   Rendered courses/index.html.erb within layouts/application (3.0ms)
I, [2016-01-04T21:16:38.289891 #6287]  INFO -- : Completed 200 OK in 9ms (Views: 5.1ms | ActiveRecord: 0.7ms)
I, [2016-01-04T21:16:40.508586 #6285]  INFO -- : Started GET "/logout" for 129.97.125.30 at 2016-01-04 21:16:40 -0500
I, [2016-01-04T21:16:40.510645 #6285]  INFO -- : Processing by SessionsController#destroy as HTML
I, [2016-01-04T21:16:40.511878 #6285]  INFO -- : Redirected to http://muriqui.xyz/
I, [2016-01-04T21:16:40.512100 #6285]  INFO -- : Completed 302 Found in 1ms (ActiveRecord: 0.0ms)
I, [2016-01-04T21:16:40.529007 #6293]  INFO -- : Started GET "/" for 129.97.125.30 at 2016-01-04 21:16:40 -0500
I, [2016-01-04T21:16:40.530546 #6293]  INFO -- : Processing by CoursesController#index as HTML
I, [2016-01-04T21:16:40.533448 #6293]  INFO -- :   Rendered courses/index.html.erb within layouts/application (0.1ms)
I, [2016-01-04T21:16:40.536706 #6293]  INFO -- : Completed 200 OK in 6ms (Views: 3.0ms | ActiveRecord: 0.0ms)
I, [2016-01-04T21:17:52.210189 #6287]  INFO -- : Started GET "/" for 129.97.125.30 at 2016-01-04 21:17:52 -0500
I, [2016-01-04T21:17:52.212941 #6287]  INFO -- : Processing by CoursesController#index as HTML
I, [2016-01-04T21:17:52.216147 #6287]  INFO -- :   Rendered courses/index.html.erb within layouts/application (0.1ms)
I, [2016-01-04T21:17:52.217526 #6287]  INFO -- : Completed 200 OK in 4ms (Views: 3.2ms | ActiveRecord: 0.0ms)
I, [2016-01-04T21:22:51.134430 #6285]  INFO -- : Started GET "/" for 129.97.125.31 at 2016-01-04 21:22:51 -0500
I, [2016-01-04T21:22:51.138740 #6285]  INFO -- : Processing by CoursesController#index as HTML
I, [2016-01-04T21:22:51.141405 #6285]  INFO -- :   Rendered courses/index.html.erb within layouts/application (0.1ms)
I, [2016-01-04T21:22:51.142379 #6285]  INFO -- : Completed 200 OK in 3ms (Views: 1.4ms | ActiveRecord: 0.0ms)
I, [2016-01-04T21:22:51.214984 #6293]  INFO -- : Started GET "/assets/application-d6def57d7ac7d255a93e309b9a1f42793925622dae019948cf11887a7a1763ae.css" for 129.97.125.31 at 2016-01-04 21:22:51 -0500
I, [2016-01-04T21:22:51.217072 #6287]  INFO -- : Started GET "/assets/application-07fd9bbd9934e8adea62f554e98ff07e9ceadb5792d34f8c7995fc2268aa3b19.js" for 129.97.125.31 at 2016-01-04 21:22:51 -0500
I, [2016-01-04T21:23:59.910188 #6285]  INFO -- : Started GET "/" for 45.62.216.92 at 2016-01-04 21:23:59 -0500
I, [2016-01-04T21:23:59.912240 #6285]  INFO -- : Processing by CoursesController#index as HTML
D, [2016-01-04T21:23:59.914126 #6285] DEBUG -- :   [1m[36mUser Load (0.5ms)[0m  [1mSELECT  "users".* FROM "users" WHERE "users"."id" = $1 LIMIT 1[0m  [["id", 1]]
I, [2016-01-04T21:23:59.920624 #6285]  INFO -- :   Rendered courses/_course_form.html.erb (3.0ms)
D, [2016-01-04T21:23:59.924520 #6285] DEBUG -- :   [1m[35mCourse Load (0.7ms)[0m  SELECT "courses".* FROM "courses"
I, [2016-01-04T21:23:59.925763 #6285]  INFO -- :   Rendered courses/_course_list.html.erb (4.2ms)
I, [2016-01-04T21:23:59.925901 #6285]  INFO -- :   Rendered courses/index.html.erb within layouts/application (9.3ms)
I, [2016-01-04T21:23:59.927690 #6285]  INFO -- : Completed 200 OK in 15ms (Views: 11.5ms | ActiveRecord: 1.3ms)
I, [2016-01-04T21:26:05.676147 #6287]  INFO -- : Started GET "/" for 45.62.216.92 at 2016-01-04 21:26:05 -0500
I, [2016-01-04T21:26:05.678386 #6287]  INFO -- : Processing by CoursesController#index as HTML
D, [2016-01-04T21:26:05.681315 #6287] DEBUG -- :   [1m[35mUser Load (1.4ms)[0m  SELECT  "users".* FROM "users" WHERE "users"."id" = $1 LIMIT 1  [["id", 1]]
I, [2016-01-04T21:26:05.684432 #6287]  INFO -- :   Rendered courses/_course_form.html.erb (2.0ms)
D, [2016-01-04T21:26:05.685470 #6287] DEBUG -- :   [1m[36mCourse Load (0.5ms)[0m  [1mSELECT "courses".* FROM "courses"[0m
I, [2016-01-04T21:26:05.686838 #6287]  INFO -- :   Rendered courses/_course_list.html.erb (2.2ms)
I, [2016-01-04T21:26:05.686968 #6287]  INFO -- :   Rendered courses/index.html.erb within layouts/application (4.7ms)
I, [2016-01-04T21:26:05.688974 #6287]  INFO -- : Completed 200 OK in 10ms (Views: 6.5ms | ActiveRecord: 1.9ms)
